=== 1a. 접힘 tan α (W=784) ===
  α=30° pred=0.5774  w_c=1:1.000  w_c=4:1.000  w_c=20:1.000  w_c=80:1.000  w_c=200:0.961
  α=45° pred=1.0000  w_c=1:1.000  w_c=4:1.000  w_c=20:1.000  w_c=80:1.000  w_c=200:0.961
  α=55° pred=1.4281  w_c=1:1.000  w_c=4:1.000  w_c=20:1.000  w_c=80:1.000  w_c=200:0.961
  α=65° pred=2.1445  w_c=1:1.000  w_c=4:1.000  w_c=20:1.000  w_c=80:1.000  w_c=200:0.961

=== 1b. 옥타브 감쇠 persistence (N=60, d_m0=2.0) ===
  persistence=0.35  목표   0%  불가   0%  1차성공 100%
  persistence=0.50  목표   0%  불가   0%  1차성공 100%
  persistence=0.70  목표   0%  불가   0%  1차성공 100%
  persistence=1.00  목표   0%  불가   0%  1차성공 100%

=== 1c. clip vs 스케일 다운 — 기하와 음영의 일관성 ===
  clip   불일치 화소   5.4%  최대 기울기 오차 3.1095  최대 법선각 오차 11.32°
  scale  불일치 화소   0.0%  최대 기울기 오차 0.0000  최대 법선각 오차 0.00°

=== 2a. 하이라이트 위치 ↔ 곡률 상관 ===
  접힘 위치 0px / 폭 398px
  Blinn-Phong 하이라이트: 접힘에서 평균 316.2px (최대 317px)
  타원 마스크(무관):      접힘에서 평균 261.2px

=== 2b. 조립 순서 ===
  크롭:   순서 바꿔도 최대 차이 0.00e+00  → 동일(교환 가능)
  회전:   평균 차이 0.0166   하이라이트 열 318 vs 315 (3px 어긋남)
  블러:   평균 차이 0.0007  정반사 최대 0.827 vs 0.908

saved results15.json
