=== 3a. 레시피 재현성 ===
  같은 레시피 두 번 → 비트 단위 동일  (7e99e8f6ee01ddca)

=== 3b. 샘플 생성 속도 ===
  저해상도 315px        14.0 ms/장  →    71.7 장/초 (1코어)
  기준 784px          54.7 ms/장  →    18.3 장/초 (1코어)

=== 3c. tps_flow 시간 예산 20ms ===
  384x220          nx=4 (n=12)  전체격자   117.0 ms   1/4격자+resize   12.0 ms  OK
  384x220          nx=6 (n=18)  전체격자   155.6 ms   1/4격자+resize   20.7 ms  초과
  384x220          nx=8 (n=24)  전체격자   216.0 ms   1/4격자+resize   19.9 ms  OK
  784x220          nx=4 (n=12)  전체격자   218.5 ms   1/4격자+resize   11.1 ms  OK
  784x220          nx=6 (n=18)  전체격자   307.4 ms   1/4격자+resize   28.5 ms  초과
  784x220          nx=8 (n=24)  전체격자   450.3 ms   1/4격자+resize   27.9 ms  초과
  380x280 설계기준     nx=4 (n=12)  전체격자   185.6 ms   1/4격자+resize   22.8 ms  초과
  380x280 설계기준     nx=6 (n=18)  전체격자   196.0 ms   1/4격자+resize   24.5 ms  초과
  380x280 설계기준     nx=8 (n=24)  전체격자   238.8 ms   1/4격자+resize   23.4 ms  초과

=== 4a. 정규화 좌표가 리사이즈에 불변인가 ===
  입력 폭  256px → 판독 실패           기준(784)과 평균차   0.00
  입력 폭  384px → 판독 실패           기준(784)과 평균차   7.36
  입력 폭  512px → 판독 실패           기준(784)과 평균차   9.70
  입력 폭  784px → 판독 실패           기준(784)과 평균차  12.40

=== 4b. letterbox 왕복이 좌표를 보존하는가 ===
  왕복 최대 오차 0.00e+00
  환산해서 보정 → 실패
  환산 없이 그대로 → 실패  (실패해야 정상)

saved results16.json
