=== R1. 재조정 위치 비교 (N=120, 저해상도) ===
  make() 안에서 정규화=False  목표  15%  불가  22%  1차성공  62%
  make() 안에서 정규화=True   목표  14%  불가  21%  1차성공  65%

=== R1b. 옥타브 감쇠 (정규화 위치 수정, N=60) ===
  persistence=0.35  목표   8%  불가  15%  1차성공  77%
  persistence=0.50  목표   7%  불가  18%  1차성공  75%
  persistence=0.70  목표  10%  불가  18%  1차성공  72%
  persistence=1.00  목표   5%  불가  25%  1차성공  70%

=== R2. 하이라이트 위치 ↔ 접힘 (접힘 = |dz_x/dx| 최대점) ===
  접힘 316px / 폭 398px
  Blinn-Phong: 접힘에서 평균 0.7px (최대 1px), 조명에 따른 이동폭 2px
  무작위 마스크: 접힘에서 평균 86.8px

=== R3. 리사이즈 불변성 (목표 구간 샘플로) ===
  샘플: d_m0=2.2, 최소모듈 1.98px, 관측폭 330px
  원본 그대로 → WEMEET0001
  입력 폭  192px → WEMEET0001   원본기준 평균차  17.02
  입력 폭  256px → WEMEET0001   원본기준 평균차  10.34
  입력 폭  384px → WEMEET0001   원본기준 평균차   5.31
  입력 폭  512px → WEMEET0001   원본기준 평균차   5.81
  letterbox 환산함 → WEMEET0001   환산 안 함 → WEMEET0001  (뒤쪽이 실패해야 정상)

=== R4. tps_flow — 격자를 얼마나 줄이면 20ms 에 드나 ===
  380x280 nx=4: 1/1= 127.9ms  1/2=  17.6ms  1/4=   3.4ms  1/8=   1.0ms  1/16=   0.4ms
  380x280 nx=6: 1/1= 151.1ms  1/2=  38.6ms  1/4=   5.2ms  1/8=   1.3ms  1/16=   0.5ms
  784x220 nx=4: 1/1= 176.0ms  1/2=  41.4ms  1/4=   7.7ms  1/8=   1.5ms  1/16=   0.5ms
  784x220 nx=6: 1/1= 245.7ms  1/2=  66.0ms  1/4=  13.0ms  1/8=   4.1ms  1/16=   0.9ms

=== R5. 라벨 안정성 — 파라미터를 ±1% 흔들면 라벨이 유지되나 (N=60) ===
  라벨 유지 53/60 = 88.3%
    목표->1차성공: 4
    1차성공->불가: 1
    1차성공->목표: 1
    목표->불가: 1

saved results18.json
